---
source: crates/ynz-driver/tests/integration.rs
expression: stderr
---
Error: `+` cannot be used with `int` and `number`.
   ╭─[ /workspaces/ynz/crates/ynz-driver/tests/fixtures/m2_mixed_int_number.ynz:4:11 ]
   │
 4 │   let c = a + b
   │           ──┬──  
   │             ╰──── Convert the `int` to `number`: `myInt.toNumber() + myNumber`
   │ 
   │ Note: Why: Yinz does not convert between types automatically. Both sides of an expression must have the same type.
───╯
