---
source: crates/ynz-driver/tests/integration.rs
expression: stderr
---
Error: This file has no `entrypoint` function.
   ╭─[ /workspaces/ynz/.claude/worktrees/v0-3-m1-runtime-and-background/crates/ynz-driver/tests/fixtures/broken_main.ynz:1:1 ]
   │
 1 │ ╭─▶ function entrypoint() {
   ┆ ┆   
 3 │ ├─▶ }
   │ │       
   │ ╰─────── Add an entrypoint function:
  function entrypoint() -> nothing {
    ...
  }
   │     
   │     Note: Every Yinz program needs an `entrypoint` function — that is where execution starts.
───╯
Error: Missing return type on `entrypoint`.
   ╭─[ /workspaces/ynz/.claude/worktrees/v0-3-m1-runtime-and-background/crates/ynz-driver/tests/fixtures/broken_main.ynz:1:23 ]
   │
 1 │ function entrypoint() {
   │                       ┬  
   │                       ╰── Add `-> nothing` after the parentheses: `function entrypoint() -> nothing`
   │ 
   │ Note: Every function in Yinz declares what it returns. Use `-> nothing` for functions that don't return a value.
───╯
Error: Unexpected `}` at the top level.
   ╭─[ /workspaces/ynz/.claude/worktrees/v0-3-m1-runtime-and-background/crates/ynz-driver/tests/fixtures/broken_main.ynz:3:1 ]
   │
 3 │ }
   │ ┬  
   │ ╰── Top-level code must be inside a `function`, `shape`, `import`, or `export` declaration.
   │ 
   │ Note: Yinz programs are made of functions and shapes. Only declarations are allowed at the top level.
───╯

If any of these errors are confusing or unhelpful, please open an issue:
  https://github.com/yinzers/yinz-lang/issues
