---
source: crates/ynz-driver/tests/integration.rs
expression: stderr
---
Error: This file has no `entrypoint` function.
   ╭─[ /workspaces/ynz/crates/ynz-driver/tests/fixtures/empty.ynz:1:1 ]
   │
 1 │ 
   │ │ 
   │ ╰─ Add an entrypoint function:
  function entrypoint() -> nothing {
    ...
  }
   │ 
   │ Note: Every Yinz program needs an `entrypoint` function — that is where execution starts.
───╯

If any of these errors are confusing or unhelpful, please open an issue:
  https://github.com/patrickrizzardi/ynz/issues
