---
source: crates/ynz-codegen/tests/golden.rs
expression: ir
---
; ModuleID = 'ynz-v03m2_rt_init_first.ynz'
source_filename = "ynz-v03m2_rt_init_first.ynz"
target datalayout = "e-m:e-p270:32:32-p271:32:32-p272:64:64-i64:64-i128:128-f80:128-n8:16:32:64-S128"
target triple = "x86_64-pc-linux-gnu"

declare ptr @ynz_alloc_zeroed(i64) local_unnamed_addr

declare void @ynz_free(ptr, i64) local_unnamed_addr

declare void @ynz_siphash_init() local_unnamed_addr

declare void @ynz_rt_init() local_unnamed_addr

declare void @ynz_rt_shutdown() local_unnamed_addr

declare ptr @ynz_rt_async_sleep_create(i64) local_unnamed_addr

declare i32 @ynz_rt_async_sleep_poll(ptr, ptr) local_unnamed_addr

declare i32 @ynz_rt_run_entrypoint(ptr, ptr, i64) local_unnamed_addr

define noundef i32 @ynz_sm_entrypoint_resume(ptr nocapture %0, ptr %1) {
sm_entry:
  %rp = load i32, ptr %0, align 4
  switch i32 %rp, label %common.ret [
    i32 0, label %sm_s0
    i32 1, label %sm_s1
  ]

sm_s0:                                            ; preds = %sm_entry
  %sleep_handle = tail call ptr @ynz_rt_async_sleep_create(i64 1)
  %first_poll = tail call i32 @ynz_rt_async_sleep_poll(ptr %sleep_handle, ptr %1)
  %first_is_ready = icmp eq i32 %first_poll, 0
  br i1 %first_is_ready, label %sm_post_wait, label %sm_suspend

sm_s1:                                            ; preds = %sm_entry
  %h_slot = getelementptr i8, ptr %0, i64 8
  %sleep_handle1 = load ptr, ptr %h_slot, align 8
  %poll = tail call i32 @ynz_rt_async_sleep_poll(ptr %sleep_handle1, ptr %1)
  %is_ready = icmp eq i32 %poll, 0
  br i1 %is_ready, label %sm_post_wait, label %common.ret

common.ret:                                       ; preds = %sm_suspend, %sm_s1, %sm_entry, %sm_post_wait
  %common.ret.op = phi i32 [ 0, %sm_post_wait ], [ 0, %sm_entry ], [ 1, %sm_s1 ], [ 1, %sm_suspend ]
  ret i32 %common.ret.op

sm_post_wait:                                     ; preds = %sm_s1, %sm_s0
  %h_slot_wr2 = getelementptr i8, ptr %0, i64 8
  tail call void @llvm.memset.p0.i64(ptr noundef nonnull align 8 dereferenceable(16) %h_slot_wr2, i8 0, i64 16, i1 false)
  br label %common.ret

sm_suspend:                                       ; preds = %sm_s0
  %h_slot_wr = getelementptr i8, ptr %0, i64 8
  store ptr %sleep_handle, ptr %h_slot_wr, align 8
  store i32 1, ptr %0, align 4
  br label %common.ret
}

define i32 @main() local_unnamed_addr {
entry:
  tail call void @ynz_siphash_init()
  tail call void @ynz_rt_init()
  %sm_frame = tail call ptr @ynz_alloc_zeroed(i64 32)
  %h_slot_wr = getelementptr i8, ptr %sm_frame, i64 8
  store ptr null, ptr %h_slot_wr, align 8
  store i32 0, ptr %sm_frame, align 4
  %sm_drive = tail call i32 @ynz_rt_run_entrypoint(ptr nonnull @ynz_sm_entrypoint_resume, ptr nonnull %sm_frame, i64 32)
  %ret_slot_ptr = getelementptr i8, ptr %sm_frame, i64 16
  %exit_i64 = load i64, ptr %ret_slot_ptr, align 8
  tail call void @ynz_free(ptr nonnull %sm_frame, i64 32)
  tail call void @ynz_rt_shutdown()
  %exit_i32 = trunc i64 %exit_i64 to i32
  ret i32 %exit_i32
}

; Function Attrs: nocallback nofree nounwind willreturn memory(argmem: write)
declare void @llvm.memset.p0.i64(ptr nocapture writeonly, i8, i64, i1 immarg) #0

attributes #0 = { nocallback nofree nounwind willreturn memory(argmem: write) }
