---
source: crates/ynz-codegen/tests/golden.rs
expression: artifact.ir_text
---
; ModuleID = 'ynz-m4_player.ynz'
source_filename = "ynz-m4_player.ynz"
target datalayout = "e-m:e-p270:32:32-p271:32:32-p272:64:64-i64:64-i128:128-f80:128-n8:16:32:64-S128"
target triple = "x86_64-pc-linux-gnu"

@.panic.iadd = private unnamed_addr constant [20 x i8] c"int overflow in '+'\00"
@.source.file = private unnamed_addr constant [14 x i8] c"m4_player.ynz\00"
@bts = private unnamed_addr constant [8 x i8] c"Patrick\00"

; Function Attrs: nofree nounwind
declare noundef i32 @puts(ptr nocapture noundef readonly) local_unnamed_addr #0

declare ptr @ynz_int_to_string(i64) local_unnamed_addr

declare void @ynz_panic_overflow(ptr, ptr, i32, i32) local_unnamed_addr

; Function Attrs: mustprogress nocallback nofree nosync nounwind speculatable willreturn memory(none)
declare { i64, i1 } @llvm.sadd.with.overflow.i64(i64, i64) #1

declare void @ynz_siphash_init() local_unnamed_addr

declare void @ynz_rt_init() local_unnamed_addr

declare void @ynz_rt_shutdown() local_unnamed_addr

; Function Attrs: nofree nounwind
define void @greet(ptr noalias nocapture readonly %0) local_unnamed_addr #0 {
entry:
  %name2 = load ptr, ptr %0, align 8
  %puts = tail call i32 @puts(ptr nonnull dereferenceable(1) %name2)
  ret void
}

define void @heal(ptr noalias nocapture %0, i64 %1) local_unnamed_addr {
entry:
  %health = getelementptr inbounds { ptr, i64 }, ptr %0, i64 0, i32 1
  %health4 = load i64, ptr %health, align 8
  %ov_res = tail call { i64, i1 } @llvm.sadd.with.overflow.i64(i64 %health4, i64 %1)
  %ov = extractvalue { i64, i1 } %ov_res, 1
  br i1 %ov, label %ov_panic, label %ov_ok

ov_ok:                                            ; preds = %entry
  %sum = extractvalue { i64, i1 } %ov_res, 0
  store i64 %sum, ptr %health, align 8
  ret void

ov_panic:                                         ; preds = %entry
  tail call void @ynz_panic_overflow(ptr nonnull @.panic.iadd, ptr nonnull @.source.file, i32 190, i32 0)
  unreachable
}

; Function Attrs: nofree nounwind
define void @consume(ptr nocapture readonly %0) local_unnamed_addr #0 {
entry:
  %name2 = load ptr, ptr %0, align 8
  %puts = tail call i32 @puts(ptr nonnull dereferenceable(1) %name2)
  ret void
}

define noundef i32 @main() local_unnamed_addr {
heal.exit:
  tail call void @ynz_siphash_init()
  tail call void @ynz_rt_init()
  %puts.i = tail call i32 @puts(ptr nonnull dereferenceable(1) @bts), !noalias !0
  %int_str = tail call ptr @ynz_int_to_string(i64 120)
  %puts = tail call i32 @puts(ptr nonnull dereferenceable(1) %int_str)
  %puts.i8 = tail call i32 @puts(ptr nonnull dereferenceable(1) @bts)
  tail call void @ynz_rt_shutdown()
  ret i32 0
}

attributes #0 = { nofree nounwind }
attributes #1 = { mustprogress nocallback nofree nosync nounwind speculatable willreturn memory(none) }

!0 = !{!1}
!1 = distinct !{!1, !2, !"greet: argument 0"}
!2 = distinct !{!2, !"greet"}
