---
source: crates/ynz-parser/tests/parse.rs
expression: output.module
---
Module {
    items: [
        Function(
            FunctionDecl {
                name: "entrypoint",
                generics: [],
                params: [],
                return_type: Nothing,
                body: Block {
                    stmts: [
                        Let {
                            is_const: false,
                            name: "price",
                            name_span: SourceSpan {
                                file: "test.ynz",
                                start: 41,
                                end: 46,
                            },
                            ty: None,
                            value: BinOp {
                                op: Add,
                                lhs: NumberLit(
                                    "0.1",
                                    SourceSpan {
                                        file: "test.ynz",
                                        start: 49,
                                        end: 52,
                                    },
                                ),
                                rhs: NumberLit(
                                    "0.2",
                                    SourceSpan {
                                        file: "test.ynz",
                                        start: 55,
                                        end: 58,
                                    },
                                ),
                                span: SourceSpan {
                                    file: "test.ynz",
                                    start: 49,
                                    end: 58,
                                },
                            },
                            span: SourceSpan {
                                file: "test.ynz",
                                start: 37,
                                end: 58,
                            },
                        },
                        Let {
                            is_const: false,
                            name: "count",
                            name_span: SourceSpan {
                                file: "test.ynz",
                                start: 65,
                                end: 70,
                            },
                            ty: Some(
                                Int,
                            ),
                            value: IntLit(
                                42,
                                SourceSpan {
                                    file: "test.ynz",
                                    start: 78,
                                    end: 80,
                                },
                            ),
                            span: SourceSpan {
                                file: "test.ynz",
                                start: 61,
                                end: 80,
                            },
                        },
                        Let {
                            is_const: false,
                            name: "active",
                            name_span: SourceSpan {
                                file: "test.ynz",
                                start: 87,
                                end: 93,
                            },
                            ty: None,
                            value: BoolLit(
                                true,
                                SourceSpan {
                                    file: "test.ynz",
                                    start: 96,
                                    end: 100,
                                },
                            ),
                            span: SourceSpan {
                                file: "test.ynz",
                                start: 83,
                                end: 100,
                            },
                        },
                        Expr(
                            Call(
                                CallExpr {
                                    callee: Ident(
                                        "print",
                                        SourceSpan {
                                            file: "test.ynz",
                                            start: 103,
                                            end: 108,
                                        },
                                    ),
                                    type_args: None,
                                    args: [
                                        Ident(
                                            "price",
                                            SourceSpan {
                                                file: "test.ynz",
                                                start: 109,
                                                end: 114,
                                            },
                                        ),
                                    ],
                                    span: SourceSpan {
                                        file: "test.ynz",
                                        start: 103,
                                        end: 115,
                                    },
                                },
                            ),
                        ),
                        Expr(
                            Call(
                                CallExpr {
                                    callee: Ident(
                                        "print",
                                        SourceSpan {
                                            file: "test.ynz",
                                            start: 118,
                                            end: 123,
                                        },
                                    ),
                                    type_args: None,
                                    args: [
                                        BinOp {
                                            op: Sub,
                                            lhs: BinOp {
                                                op: Mul,
                                                lhs: Ident(
                                                    "count",
                                                    SourceSpan {
                                                        file: "test.ynz",
                                                        start: 124,
                                                        end: 129,
                                                    },
                                                ),
                                                rhs: Ident(
                                                    "count",
                                                    SourceSpan {
                                                        file: "test.ynz",
                                                        start: 132,
                                                        end: 137,
                                                    },
                                                ),
                                                span: SourceSpan {
                                                    file: "test.ynz",
                                                    start: 124,
                                                    end: 137,
                                                },
                                            },
                                            rhs: IntLit(
                                                1,
                                                SourceSpan {
                                                    file: "test.ynz",
                                                    start: 140,
                                                    end: 141,
                                                },
                                            ),
                                            span: SourceSpan {
                                                file: "test.ynz",
                                                start: 124,
                                                end: 141,
                                            },
                                        },
                                    ],
                                    span: SourceSpan {
                                        file: "test.ynz",
                                        start: 118,
                                        end: 142,
                                    },
                                },
                            ),
                        ),
                        Expr(
                            Call(
                                CallExpr {
                                    callee: Ident(
                                        "print",
                                        SourceSpan {
                                            file: "test.ynz",
                                            start: 145,
                                            end: 150,
                                        },
                                    ),
                                    type_args: None,
                                    args: [
                                        BinOp {
                                            op: And,
                                            lhs: Ident(
                                                "active",
                                                SourceSpan {
                                                    file: "test.ynz",
                                                    start: 151,
                                                    end: 157,
                                                },
                                            ),
                                            rhs: BinOp {
                                                op: Gt,
                                                lhs: Ident(
                                                    "count",
                                                    SourceSpan {
                                                        file: "test.ynz",
                                                        start: 162,
                                                        end: 167,
                                                    },
                                                ),
                                                rhs: IntLit(
                                                    0,
                                                    SourceSpan {
                                                        file: "test.ynz",
                                                        start: 170,
                                                        end: 171,
                                                    },
                                                ),
                                                span: SourceSpan {
                                                    file: "test.ynz",
                                                    start: 162,
                                                    end: 171,
                                                },
                                            },
                                            span: SourceSpan {
                                                file: "test.ynz",
                                                start: 151,
                                                end: 171,
                                            },
                                        },
                                    ],
                                    span: SourceSpan {
                                        file: "test.ynz",
                                        start: 145,
                                        end: 173,
                                    },
                                },
                            ),
                        ),
                    ],
                    span: SourceSpan {
                        file: "test.ynz",
                        start: 37,
                        end: 175,
                    },
                },
                span: SourceSpan {
                    file: "test.ynz",
                    start: 0,
                    end: 175,
                },
                name_span: SourceSpan {
                    file: "test.ynz",
                    start: 9,
                    end: 19,
                },
                errors_capable: false,
            },
        ),
    ],
    span: SourceSpan {
        file: "test.ynz",
        start: 0,
        end: 175,
    },
}
