---
source: crates/ynz-parser/tests/parse.rs
expression: output.diagnostics
---
[
    Diagnostic {
        severity: Error,
        span: SourceSpan {
            file: "test.ynz",
            start: 40,
            end: 40,
        },
        what: "Missing closing `}` for this block.",
        what_instead: "Add `}` at the end of the function body.",
        why: "Every `{` must be matched with a `}`. The compiler reached the end of the file before finding it.",
        related: [],
    },
]
