---
source: crates/ynz-parser/tests/parse.rs
expression: output.diagnostics
---
DiagnosticBucket {
    diagnostics: [
        Diagnostic {
            severity: Error,
            span: SourceSpan {
                file: "test.ynz",
                start: 22,
                end: 29,
            },
            what: "Missing return type on `entrypoint`.",
            what_instead: "Add `-> nothing` after the parentheses: `function entrypoint() -> nothing`",
            why: "Every function in Yinz declares what it returns. Use `-> nothing` for functions that don't return a value.",
            related: [],
            kind: None,
        },
        Diagnostic {
            severity: Error,
            span: SourceSpan {
                file: "test.ynz",
                start: 32,
                end: 33,
            },
            what: "Unexpected `}` at the top level.",
            what_instead: "Top-level code must be inside a `function`, `shape`, `import`, or `export` declaration.",
            why: "Yinz programs are made of functions and shapes. Only declarations are allowed at the top level.",
            related: [],
            kind: None,
        },
    ],
    hidden_count: 0,
    error_count: 2,
}
