---
source: crates/ynz-parser/tests/parse.rs
expression: output.module
---
Module {
    items: [
        ShapeDecl(
            ShapeDecl {
                name: "Pair",
                name_span: SourceSpan {
                    file: "test.ynz",
                    start: 7,
                    end: 11,
                },
                is_base: false,
                generics: [
                    GenericParam {
                        name: "A",
                        name_span: SourceSpan {
                            file: "test.ynz",
                            start: 12,
                            end: 13,
                        },
                        constraints: [],
                        span: SourceSpan {
                            file: "test.ynz",
                            start: 12,
                            end: 13,
                        },
                    },
                    GenericParam {
                        name: "B",
                        name_span: SourceSpan {
                            file: "test.ynz",
                            start: 15,
                            end: 16,
                        },
                        constraints: [],
                        span: SourceSpan {
                            file: "test.ynz",
                            start: 15,
                            end: 16,
                        },
                    },
                ],
                extends: None,
                follows: [],
                fields: [
                    FieldDecl {
                        name: "first",
                        name_span: SourceSpan {
                            file: "test.ynz",
                            start: 22,
                            end: 27,
                        },
                        ty: Named(
                            "A",
                            SourceSpan {
                                file: "test.ynz",
                                start: 29,
                                end: 30,
                            },
                        ),
                        ty_span: SourceSpan {
                            file: "test.ynz",
                            start: 29,
                            end: 30,
                        },
                        is_hidden: false,
                        default: None,
                        span: SourceSpan {
                            file: "test.ynz",
                            start: 22,
                            end: 30,
                        },
                    },
                    FieldDecl {
                        name: "second",
                        name_span: SourceSpan {
                            file: "test.ynz",
                            start: 33,
                            end: 39,
                        },
                        ty: Named(
                            "B",
                            SourceSpan {
                                file: "test.ynz",
                                start: 41,
                                end: 42,
                            },
                        ),
                        ty_span: SourceSpan {
                            file: "test.ynz",
                            start: 41,
                            end: 42,
                        },
                        is_hidden: false,
                        default: None,
                        span: SourceSpan {
                            file: "test.ynz",
                            start: 33,
                            end: 42,
                        },
                    },
                ],
                contract_sigs: [],
                alias_ty: None,
                span: SourceSpan {
                    file: "test.ynz",
                    start: 1,
                    end: 44,
                },
                is_exported: false,
            },
        ),
        Function(
            FunctionDecl {
                name: "identity",
                generics: [
                    GenericParam {
                        name: "T",
                        name_span: SourceSpan {
                            file: "test.ynz",
                            start: 64,
                            end: 65,
                        },
                        constraints: [],
                        span: SourceSpan {
                            file: "test.ynz",
                            start: 64,
                            end: 65,
                        },
                    },
                ],
                params: [
                    Param {
                        name: "value",
                        name_span: SourceSpan {
                            file: "test.ynz",
                            start: 72,
                            end: 77,
                        },
                        ownership: Some(
                            Give,
                        ),
                        ty: Named(
                            "T",
                            SourceSpan {
                                file: "test.ynz",
                                start: 79,
                                end: 80,
                            },
                        ),
                        ty_span: SourceSpan {
                            file: "test.ynz",
                            start: 79,
                            end: 80,
                        },
                        span: SourceSpan {
                            file: "test.ynz",
                            start: 72,
                            end: 80,
                        },
                    },
                ],
                return_type: Named(
                    "T",
                    SourceSpan {
                        file: "test.ynz",
                        start: 85,
                        end: 86,
                    },
                ),
                body: Block {
                    stmts: [
                        Return {
                            value: Some(
                                Ident(
                                    "value",
                                    SourceSpan {
                                        file: "test.ynz",
                                        start: 98,
                                        end: 103,
                                    },
                                ),
                            ),
                            span: SourceSpan {
                                file: "test.ynz",
                                start: 91,
                                end: 103,
                            },
                        },
                    ],
                    span: SourceSpan {
                        file: "test.ynz",
                        start: 91,
                        end: 105,
                    },
                },
                span: SourceSpan {
                    file: "test.ynz",
                    start: 46,
                    end: 115,
                },
                name_span: SourceSpan {
                    file: "test.ynz",
                    start: 55,
                    end: 63,
                },
                errors_capable: false,
                is_exported: false,
            },
        ),
        Function(
            FunctionDecl {
                name: "sort",
                generics: [
                    GenericParam {
                        name: "T",
                        name_span: SourceSpan {
                            file: "test.ynz",
                            start: 121,
                            end: 122,
                        },
                        constraints: [
                            (
                                "Comparable",
                                SourceSpan {
                                    file: "test.ynz",
                                    start: 131,
                                    end: 141,
                                },
                            ),
                        ],
                        span: SourceSpan {
                            file: "test.ynz",
                            start: 121,
                            end: 141,
                        },
                    },
                ],
                params: [
                    Param {
                        name: "items",
                        name_span: SourceSpan {
                            file: "test.ynz",
                            start: 149,
                            end: 154,
                        },
                        ownership: Some(
                            Share,
                        ),
                        ty: Generic {
                            name: "array",
                            name_span: SourceSpan {
                                file: "test.ynz",
                                start: 156,
                                end: 161,
                            },
                            args: [
                                Named(
                                    "T",
                                    SourceSpan {
                                        file: "test.ynz",
                                        start: 162,
                                        end: 163,
                                    },
                                ),
                            ],
                            span: SourceSpan {
                                file: "test.ynz",
                                start: 156,
                                end: 164,
                            },
                        },
                        ty_span: SourceSpan {
                            file: "test.ynz",
                            start: 156,
                            end: 164,
                        },
                        span: SourceSpan {
                            file: "test.ynz",
                            start: 149,
                            end: 164,
                        },
                    },
                ],
                return_type: Nothing,
                body: Block {
                    stmts: [],
                    span: SourceSpan {
                        file: "test.ynz",
                        start: 179,
                        end: 180,
                    },
                },
                span: SourceSpan {
                    file: "test.ynz",
                    start: 107,
                    end: 190,
                },
                name_span: SourceSpan {
                    file: "test.ynz",
                    start: 116,
                    end: 120,
                },
                errors_capable: false,
                is_exported: false,
            },
        ),
        Function(
            FunctionDecl {
                name: "entrypoint",
                generics: [],
                params: [],
                return_type: Nothing,
                body: Block {
                    stmts: [
                        Let {
                            is_const: false,
                            name: "x",
                            name_span: SourceSpan {
                                file: "test.ynz",
                                start: 223,
                                end: 224,
                            },
                            ty: Some(
                                Maybe {
                                    inner: Int,
                                    span: SourceSpan {
                                        file: "test.ynz",
                                        start: 226,
                                        end: 236,
                                    },
                                },
                            ),
                            value: NoneLit {
                                span: SourceSpan {
                                    file: "test.ynz",
                                    start: 239,
                                    end: 243,
                                },
                            },
                            span: SourceSpan {
                                file: "test.ynz",
                                start: 219,
                                end: 243,
                            },
                        },
                        Let {
                            is_const: false,
                            name: "arr",
                            name_span: SourceSpan {
                                file: "test.ynz",
                                start: 250,
                                end: 253,
                            },
                            ty: Some(
                                Generic {
                                    name: "array",
                                    name_span: SourceSpan {
                                        file: "test.ynz",
                                        start: 255,
                                        end: 260,
                                    },
                                    args: [
                                        Int,
                                    ],
                                    span: SourceSpan {
                                        file: "test.ynz",
                                        start: 255,
                                        end: 265,
                                    },
                                },
                            ),
                            value: Ident(
                                "arr",
                                SourceSpan {
                                    file: "test.ynz",
                                    start: 268,
                                    end: 271,
                                },
                            ),
                            span: SourceSpan {
                                file: "test.ynz",
                                start: 246,
                                end: 271,
                            },
                        },
                        Let {
                            is_const: false,
                            name: "first",
                            name_span: SourceSpan {
                                file: "test.ynz",
                                start: 278,
                                end: 283,
                            },
                            ty: None,
                            value: IndexAccess {
                                receiver: Ident(
                                    "arr",
                                    SourceSpan {
                                        file: "test.ynz",
                                        start: 286,
                                        end: 289,
                                    },
                                ),
                                index: IntLit(
                                    0,
                                    SourceSpan {
                                        file: "test.ynz",
                                        start: 290,
                                        end: 291,
                                    },
                                ),
                                span: SourceSpan {
                                    file: "test.ynz",
                                    start: 286,
                                    end: 292,
                                },
                            },
                            span: SourceSpan {
                                file: "test.ynz",
                                start: 274,
                                end: 292,
                            },
                        },
                        IndexAssign {
                            receiver: Ident(
                                "arr",
                                SourceSpan {
                                    file: "test.ynz",
                                    start: 295,
                                    end: 298,
                                },
                            ),
                            index: IntLit(
                                0,
                                SourceSpan {
                                    file: "test.ynz",
                                    start: 299,
                                    end: 300,
                                },
                            ),
                            value: IntLit(
                                99,
                                SourceSpan {
                                    file: "test.ynz",
                                    start: 304,
                                    end: 306,
                                },
                            ),
                            span: SourceSpan {
                                file: "test.ynz",
                                start: 295,
                                end: 306,
                            },
                        },
                        Let {
                            is_const: false,
                            name: "y",
                            name_span: SourceSpan {
                                file: "test.ynz",
                                start: 313,
                                end: 314,
                            },
                            ty: None,
                            value: Call(
                                CallExpr {
                                    callee: Ident(
                                        "identity",
                                        SourceSpan {
                                            file: "test.ynz",
                                            start: 317,
                                            end: 325,
                                        },
                                    ),
                                    type_args: Some(
                                        [
                                            Int,
                                        ],
                                    ),
                                    args: [
                                        IntLit(
                                            5,
                                            SourceSpan {
                                                file: "test.ynz",
                                                start: 331,
                                                end: 332,
                                            },
                                        ),
                                    ],
                                    span: SourceSpan {
                                        file: "test.ynz",
                                        start: 317,
                                        end: 333,
                                    },
                                },
                            ),
                            span: SourceSpan {
                                file: "test.ynz",
                                start: 309,
                                end: 333,
                            },
                        },
                        Let {
                            is_const: false,
                            name: "a",
                            name_span: SourceSpan {
                                file: "test.ynz",
                                start: 340,
                                end: 341,
                            },
                            ty: None,
                            value: IndexAccess {
                                receiver: Ident(
                                    "arr",
                                    SourceSpan {
                                        file: "test.ynz",
                                        start: 344,
                                        end: 347,
                                    },
                                ),
                                index: IntLit(
                                    0,
                                    SourceSpan {
                                        file: "test.ynz",
                                        start: 348,
                                        end: 349,
                                    },
                                ),
                                span: SourceSpan {
                                    file: "test.ynz",
                                    start: 344,
                                    end: 350,
                                },
                            },
                            span: SourceSpan {
                                file: "test.ynz",
                                start: 336,
                                end: 350,
                            },
                        },
                        Let {
                            is_const: false,
                            name: "cmp",
                            name_span: SourceSpan {
                                file: "test.ynz",
                                start: 357,
                                end: 360,
                            },
                            ty: None,
                            value: BinOp {
                                op: Lt,
                                lhs: Ident(
                                    "a",
                                    SourceSpan {
                                        file: "test.ynz",
                                        start: 363,
                                        end: 364,
                                    },
                                ),
                                rhs: IntLit(
                                    10,
                                    SourceSpan {
                                        file: "test.ynz",
                                        start: 367,
                                        end: 369,
                                    },
                                ),
                                span: SourceSpan {
                                    file: "test.ynz",
                                    start: 363,
                                    end: 369,
                                },
                            },
                            span: SourceSpan {
                                file: "test.ynz",
                                start: 353,
                                end: 369,
                            },
                        },
                    ],
                    span: SourceSpan {
                        file: "test.ynz",
                        start: 219,
                        end: 371,
                    },
                },
                span: SourceSpan {
                    file: "test.ynz",
                    start: 182,
                    end: 372,
                },
                name_span: SourceSpan {
                    file: "test.ynz",
                    start: 191,
                    end: 201,
                },
                errors_capable: false,
                is_exported: false,
            },
        ),
    ],
    span: SourceSpan {
        file: "test.ynz",
        start: 1,
        end: 372,
    },
}
