---
source: crates/ynz-parser/tests/parse.rs
expression: output.module
---
Module {
    items: [
        Function(
            FunctionDecl {
                name: "fib",
                generics: [],
                params: [
                    Param {
                        name: "n",
                        name_span: SourceSpan {
                            file: "test.ynz",
                            start: 13,
                            end: 14,
                        },
                        ownership: None,
                        ty: Int,
                        ty_span: SourceSpan {
                            file: "test.ynz",
                            start: 16,
                            end: 19,
                        },
                        span: SourceSpan {
                            file: "test.ynz",
                            start: 13,
                            end: 19,
                        },
                    },
                ],
                return_type: Int,
                body: Block {
                    stmts: [
                        If {
                            cond: BinOp {
                                op: Lt,
                                lhs: Ident(
                                    "n",
                                    SourceSpan {
                                        file: "test.ynz",
                                        start: 36,
                                        end: 37,
                                    },
                                ),
                                rhs: IntLit(
                                    2,
                                    SourceSpan {
                                        file: "test.ynz",
                                        start: 40,
                                        end: 41,
                                    },
                                ),
                                span: SourceSpan {
                                    file: "test.ynz",
                                    start: 36,
                                    end: 41,
                                },
                            },
                            body: Block {
                                stmts: [
                                    Return {
                                        value: Some(
                                            Ident(
                                                "n",
                                                SourceSpan {
                                                    file: "test.ynz",
                                                    start: 56,
                                                    end: 57,
                                                },
                                            ),
                                        ),
                                        span: SourceSpan {
                                            file: "test.ynz",
                                            start: 49,
                                            end: 57,
                                        },
                                    },
                                ],
                                span: SourceSpan {
                                    file: "test.ynz",
                                    start: 49,
                                    end: 61,
                                },
                            },
                            span: SourceSpan {
                                file: "test.ynz",
                                start: 32,
                                end: 61,
                            },
                        },
                        Return {
                            value: Some(
                                BinOp {
                                    op: Add,
                                    lhs: Call(
                                        CallExpr {
                                            callee: Ident(
                                                "fib",
                                                SourceSpan {
                                                    file: "test.ynz",
                                                    start: 71,
                                                    end: 74,
                                                },
                                            ),
                                            type_args: None,
                                            args: [
                                                BinOp {
                                                    op: Sub,
                                                    lhs: Ident(
                                                        "n",
                                                        SourceSpan {
                                                            file: "test.ynz",
                                                            start: 75,
                                                            end: 76,
                                                        },
                                                    ),
                                                    rhs: IntLit(
                                                        1,
                                                        SourceSpan {
                                                            file: "test.ynz",
                                                            start: 79,
                                                            end: 80,
                                                        },
                                                    ),
                                                    span: SourceSpan {
                                                        file: "test.ynz",
                                                        start: 75,
                                                        end: 80,
                                                    },
                                                },
                                            ],
                                            span: SourceSpan {
                                                file: "test.ynz",
                                                start: 71,
                                                end: 81,
                                            },
                                        },
                                    ),
                                    rhs: Call(
                                        CallExpr {
                                            callee: Ident(
                                                "fib",
                                                SourceSpan {
                                                    file: "test.ynz",
                                                    start: 84,
                                                    end: 87,
                                                },
                                            ),
                                            type_args: None,
                                            args: [
                                                BinOp {
                                                    op: Sub,
                                                    lhs: Ident(
                                                        "n",
                                                        SourceSpan {
                                                            file: "test.ynz",
                                                            start: 88,
                                                            end: 89,
                                                        },
                                                    ),
                                                    rhs: IntLit(
                                                        2,
                                                        SourceSpan {
                                                            file: "test.ynz",
                                                            start: 92,
                                                            end: 93,
                                                        },
                                                    ),
                                                    span: SourceSpan {
                                                        file: "test.ynz",
                                                        start: 88,
                                                        end: 93,
                                                    },
                                                },
                                            ],
                                            span: SourceSpan {
                                                file: "test.ynz",
                                                start: 84,
                                                end: 94,
                                            },
                                        },
                                    ),
                                    span: SourceSpan {
                                        file: "test.ynz",
                                        start: 71,
                                        end: 94,
                                    },
                                },
                            ),
                            span: SourceSpan {
                                file: "test.ynz",
                                start: 64,
                                end: 94,
                            },
                        },
                    ],
                    span: SourceSpan {
                        file: "test.ynz",
                        start: 32,
                        end: 96,
                    },
                },
                span: SourceSpan {
                    file: "test.ynz",
                    start: 0,
                    end: 106,
                },
                name_span: SourceSpan {
                    file: "test.ynz",
                    start: 9,
                    end: 12,
                },
                errors_capable: false,
                is_exported: false,
            },
        ),
        Function(
            FunctionDecl {
                name: "entrypoint",
                generics: [],
                params: [],
                return_type: Nothing,
                body: Block {
                    stmts: [
                        Let {
                            is_const: false,
                            name: "result",
                            name_span: SourceSpan {
                                file: "test.ynz",
                                start: 139,
                                end: 145,
                            },
                            ty: None,
                            value: Call(
                                CallExpr {
                                    callee: Ident(
                                        "fib",
                                        SourceSpan {
                                            file: "test.ynz",
                                            start: 148,
                                            end: 151,
                                        },
                                    ),
                                    type_args: None,
                                    args: [
                                        IntLit(
                                            10,
                                            SourceSpan {
                                                file: "test.ynz",
                                                start: 152,
                                                end: 154,
                                            },
                                        ),
                                    ],
                                    span: SourceSpan {
                                        file: "test.ynz",
                                        start: 148,
                                        end: 155,
                                    },
                                },
                            ),
                            span: SourceSpan {
                                file: "test.ynz",
                                start: 135,
                                end: 155,
                            },
                        },
                        Expr(
                            Call(
                                CallExpr {
                                    callee: Ident(
                                        "print",
                                        SourceSpan {
                                            file: "test.ynz",
                                            start: 158,
                                            end: 163,
                                        },
                                    ),
                                    type_args: None,
                                    args: [
                                        Ident(
                                            "result",
                                            SourceSpan {
                                                file: "test.ynz",
                                                start: 164,
                                                end: 170,
                                            },
                                        ),
                                    ],
                                    span: SourceSpan {
                                        file: "test.ynz",
                                        start: 158,
                                        end: 171,
                                    },
                                },
                            ),
                        ),
                    ],
                    span: SourceSpan {
                        file: "test.ynz",
                        start: 135,
                        end: 173,
                    },
                },
                span: SourceSpan {
                    file: "test.ynz",
                    start: 98,
                    end: 173,
                },
                name_span: SourceSpan {
                    file: "test.ynz",
                    start: 107,
                    end: 117,
                },
                errors_capable: false,
                is_exported: false,
            },
        ),
    ],
    span: SourceSpan {
        file: "test.ynz",
        start: 0,
        end: 173,
    },
}
