---
source: crates/ynz-parser/tests/parse.rs
expression: output.module
---
Module {
    items: [
        ShapeDecl(
            ShapeDecl {
                name: "Player",
                name_span: SourceSpan {
                    file: "test.ynz",
                    start: 6,
                    end: 12,
                },
                is_base: false,
                generics: [],
                extends: None,
                follows: [],
                fields: [
                    FieldDecl {
                        name: "name",
                        name_span: SourceSpan {
                            file: "test.ynz",
                            start: 17,
                            end: 21,
                        },
                        ty: Named(
                            "string",
                            SourceSpan {
                                file: "test.ynz",
                                start: 23,
                                end: 29,
                            },
                        ),
                        ty_span: SourceSpan {
                            file: "test.ynz",
                            start: 23,
                            end: 29,
                        },
                        is_hidden: false,
                        default: None,
                        span: SourceSpan {
                            file: "test.ynz",
                            start: 17,
                            end: 29,
                        },
                    },
                    FieldDecl {
                        name: "health",
                        name_span: SourceSpan {
                            file: "test.ynz",
                            start: 32,
                            end: 38,
                        },
                        ty: Int,
                        ty_span: SourceSpan {
                            file: "test.ynz",
                            start: 40,
                            end: 43,
                        },
                        is_hidden: false,
                        default: None,
                        span: SourceSpan {
                            file: "test.ynz",
                            start: 32,
                            end: 43,
                        },
                    },
                    FieldDecl {
                        name: "cache",
                        name_span: SourceSpan {
                            file: "test.ynz",
                            start: 53,
                            end: 58,
                        },
                        ty: Int,
                        ty_span: SourceSpan {
                            file: "test.ynz",
                            start: 60,
                            end: 63,
                        },
                        is_hidden: true,
                        default: None,
                        span: SourceSpan {
                            file: "test.ynz",
                            start: 46,
                            end: 63,
                        },
                    },
                ],
                contract_sigs: [],
                alias_ty: None,
                span: SourceSpan {
                    file: "test.ynz",
                    start: 0,
                    end: 65,
                },
                is_exported: false,
            },
        ),
        Function(
            FunctionDecl {
                name: "greet",
                generics: [],
                params: [
                    Param {
                        name: "self",
                        name_span: SourceSpan {
                            file: "test.ynz",
                            start: 88,
                            end: 92,
                        },
                        ownership: Some(
                            Share,
                        ),
                        ty: Named(
                            "Player",
                            SourceSpan {
                                file: "test.ynz",
                                start: 94,
                                end: 100,
                            },
                        ),
                        ty_span: SourceSpan {
                            file: "test.ynz",
                            start: 94,
                            end: 100,
                        },
                        span: SourceSpan {
                            file: "test.ynz",
                            start: 88,
                            end: 100,
                        },
                    },
                ],
                return_type: Named(
                    "string",
                    SourceSpan {
                        file: "test.ynz",
                        start: 105,
                        end: 111,
                    },
                ),
                body: Block {
                    stmts: [
                        Return {
                            value: Some(
                                FieldAccess {
                                    receiver: SelfValue {
                                        span: SourceSpan {
                                            file: "test.ynz",
                                            start: 123,
                                            end: 127,
                                        },
                                    },
                                    field: "name",
                                    field_span: SourceSpan {
                                        file: "test.ynz",
                                        start: 128,
                                        end: 132,
                                    },
                                    span: SourceSpan {
                                        file: "test.ynz",
                                        start: 123,
                                        end: 132,
                                    },
                                },
                            ),
                            span: SourceSpan {
                                file: "test.ynz",
                                start: 116,
                                end: 132,
                            },
                        },
                    ],
                    span: SourceSpan {
                        file: "test.ynz",
                        start: 116,
                        end: 134,
                    },
                },
                span: SourceSpan {
                    file: "test.ynz",
                    start: 67,
                    end: 144,
                },
                name_span: SourceSpan {
                    file: "test.ynz",
                    start: 76,
                    end: 81,
                },
                errors_capable: false,
                is_exported: false,
            },
        ),
        Function(
            FunctionDecl {
                name: "entrypoint",
                generics: [],
                params: [],
                return_type: Nothing,
                body: Block {
                    stmts: [
                        Let {
                            is_const: false,
                            name: "p",
                            name_span: SourceSpan {
                                file: "test.ynz",
                                start: 177,
                                end: 178,
                            },
                            ty: Some(
                                Named(
                                    "Player",
                                    SourceSpan {
                                        file: "test.ynz",
                                        start: 180,
                                        end: 186,
                                    },
                                ),
                            ),
                            value: StructLit {
                                fields: [
                                    StructLitField {
                                        name: "name",
                                        name_span: SourceSpan {
                                            file: "test.ynz",
                                            start: 191,
                                            end: 195,
                                        },
                                        value: InterpolatedString(
                                            [
                                                Lit(
                                                    [
                                                        80,
                                                        97,
                                                        116,
                                                        114,
                                                        105,
                                                        99,
                                                        107,
                                                    ],
                                                    SourceSpan {
                                                        file: "test.ynz",
                                                        start: 198,
                                                        end: 205,
                                                    },
                                                ),
                                            ],
                                            SourceSpan {
                                                file: "test.ynz",
                                                start: 198,
                                                end: 206,
                                            },
                                        ),
                                    },
                                    StructLitField {
                                        name: "health",
                                        name_span: SourceSpan {
                                            file: "test.ynz",
                                            start: 208,
                                            end: 214,
                                        },
                                        value: IntLit(
                                            100,
                                            SourceSpan {
                                                file: "test.ynz",
                                                start: 216,
                                                end: 219,
                                            },
                                        ),
                                    },
                                ],
                                span: SourceSpan {
                                    file: "test.ynz",
                                    start: 189,
                                    end: 221,
                                },
                            },
                            span: SourceSpan {
                                file: "test.ynz",
                                start: 173,
                                end: 221,
                            },
                        },
                        FieldAssign {
                            target: FieldAccess {
                                receiver: Ident(
                                    "p",
                                    SourceSpan {
                                        file: "test.ynz",
                                        start: 224,
                                        end: 225,
                                    },
                                ),
                                field: "health",
                                field_span: SourceSpan {
                                    file: "test.ynz",
                                    start: 226,
                                    end: 232,
                                },
                                span: SourceSpan {
                                    file: "test.ynz",
                                    start: 224,
                                    end: 232,
                                },
                            },
                            value: IntLit(
                                90,
                                SourceSpan {
                                    file: "test.ynz",
                                    start: 235,
                                    end: 237,
                                },
                            ),
                            span: SourceSpan {
                                file: "test.ynz",
                                start: 224,
                                end: 237,
                            },
                        },
                        Let {
                            is_const: false,
                            name: "h",
                            name_span: SourceSpan {
                                file: "test.ynz",
                                start: 244,
                                end: 245,
                            },
                            ty: None,
                            value: FieldAccess {
                                receiver: Ident(
                                    "p",
                                    SourceSpan {
                                        file: "test.ynz",
                                        start: 248,
                                        end: 249,
                                    },
                                ),
                                field: "health",
                                field_span: SourceSpan {
                                    file: "test.ynz",
                                    start: 250,
                                    end: 256,
                                },
                                span: SourceSpan {
                                    file: "test.ynz",
                                    start: 248,
                                    end: 256,
                                },
                            },
                            span: SourceSpan {
                                file: "test.ynz",
                                start: 240,
                                end: 256,
                            },
                        },
                        Let {
                            is_const: false,
                            name: "b",
                            name_span: SourceSpan {
                                file: "test.ynz",
                                start: 263,
                                end: 264,
                            },
                            ty: None,
                            value: PostfixOp {
                                receiver: Ident(
                                    "p",
                                    SourceSpan {
                                        file: "test.ynz",
                                        start: 267,
                                        end: 268,
                                    },
                                ),
                                op: Copy,
                                span: SourceSpan {
                                    file: "test.ynz",
                                    start: 267,
                                    end: 275,
                                },
                            },
                            span: SourceSpan {
                                file: "test.ynz",
                                start: 259,
                                end: 275,
                            },
                        },
                    ],
                    span: SourceSpan {
                        file: "test.ynz",
                        start: 173,
                        end: 277,
                    },
                },
                span: SourceSpan {
                    file: "test.ynz",
                    start: 136,
                    end: 277,
                },
                name_span: SourceSpan {
                    file: "test.ynz",
                    start: 145,
                    end: 155,
                },
                errors_capable: false,
                is_exported: false,
            },
        ),
    ],
    span: SourceSpan {
        file: "test.ynz",
        start: 0,
        end: 277,
    },
}
